// Jest Snapshot v1, https://goo.gl/fbAQLP

exports[`Sidebar test Component renders 1`] = `
<div>
  <form>
    <div
      class="d-flex"
    >
      <div
        class="sidebar-container p-4"
        data-testid="sidebar-container"
      >
        <h1
          class="display-5 text-center"
        >
          Route Finder!
        </h1>
        <h4
          class="text-center"
        >
          Now find routes easily.
        </h4>
        <div
          class="d-flex flex-column mt-4"
        >
          <label
            class="mb-1"
            for="start-point"
          >
            Origin:
          </label>
          <div
            class="d-flex align-items-center"
          >
            <input
              class="w-100"
              data-testid="start-point-input"
              id="start-point"
              value=""
            />
            <button
              aria-label="Close"
              class="close btn btn btn-outline-danger ms-3 btn-sm"
              data-testid="start-point-clear"
              type="button"
            >
              <span
                aria-hidden="true"
              >
                ×
              </span>
            </button>
          </div>
        </div>
        <div
          class="d-flex flex-column mt-3"
        >
          <label
            class="mb-1"
            for="end-point"
          >
            Destination:
          </label>
          <div
            class="d-flex align-items-center"
          >
            <input
              class="w-100"
              data-testid="end-point-input"
              id="end-point"
              value=""
            />
            <button
              aria-label="Close"
              class="close btn btn btn-outline-danger ms-3 btn-sm"
              data-testid="end-point-clear"
              type="button"
            >
              <span
                aria-hidden="true"
              >
                ×
              </span>
            </button>
          </div>
        </div>
        <div
          class="d-flex flex-row mt-4"
        >
          <div
            class="me-3 d-flex flex-column align-items-center"
          >
            <button
              class="btn btn-outline-success"
              data-testid="sidebar-submit"
              disabled=""
            >
              <span />
            </button>
            <p
              class="text-success"
            >
              Search
            </p>
          </div>
          <div
            class="me-3 d-flex flex-column align-items-center"
          >
            <button
              class="btn btn-outline-danger"
              data-testid="sidebar-cancel"
              type="button"
            >
              <span />
            </button>
            <p
              class="text-danger"
            >
              Reset
            </p>
          </div>
        </div>
      </div>
      <div
        class="toggle-container"
        data-testid="sidebar-toggle"
      >
        <span />
      </div>
    </div>
  </form>
</div>
`;
